// Jest Snapshot v1, https://goo.gl/fbAQLP

exports[`AppMain renders component correctly 1`] = `
<div
  class="flex flex-grow flex-col justify-between"
>
  <div
    class="bg-gray-100 flex-grow flex justify-center items-center"
  >
    <main
      class="mt-10 bg-white w-1/2 shadow"
    >
      <button
        class="relative w-full h-32 flex justify-center items-center"
      >
        <span
          class="absolute left-4 top-4"
        >
          To pay
        </span>
        <div
          class="text-3xl border-b-8 p-2 border-double border-green-400"
        >
          <span>
            0,00 €
          </span>
        </div>
      </button>
      <hr />
      <button
        class="relative w-full h-32 flex justify-center items-center"
      >
        <span
          class="absolute left-4 top-4"
        >
          Received
        </span>
        <!--v-if-->
        <div
          class="text-3xl"
        >
          <span>
            0,00 €
          </span>
        </div>
      </button>
    </main>
  </div>
  <div
    class="bg-gray-700 flex justify-center py-2 relative space-x-4 shadow-xl"
  >
    <possible-amounts-stub
      values="0.00,1,2,5,10"
    />
    <numeric-key-pad-stub />
    <button
      class="
          absolute
          right-4
          bottom-4
          px-6
          py-1
          bg-blue-400
          border-2 border-white
          text-white text-3xl
          shadow-2xl
        "
    >
      Pay
    </button>
    <div
      class="
          absolute
          top-0
          left-1/2
          -translate-x-1/2
          transform
          -translate-y-full
          flex
          space-x-px
          shadow-xl
        "
    >
      
      <button
        class="px-10 py-2 shadow-xl bg-gray-300 text-gray-700"
      >
        Cash
      </button>
      <button
        class="px-10 py-2 shadow-xl bg-gray-300 text-gray-700"
      >
        EC
      </button>
      <button
        class="px-10 py-2 shadow-xl bg-gray-300 text-gray-700"
      >
        Creditcard
      </button>
      <button
        class="px-10 py-2 shadow-xl bg-gray-300 text-gray-700"
      >
        Coupon
      </button>
      <button
        class="px-10 py-2 shadow-xl bg-gray-300 text-gray-700"
      >
        Others
      </button>
      
    </div>
  </div>
  <!--v-if-->
</div>
`;
