// Jest Snapshot v1, https://goo.gl/fbAQLP

exports[`icons/CrossIcon renders props.msg when passed 1`] = `
<svg
  height="24"
  viewbox="0 0 24 24"
  width="24"
>
  <path
    d="M18.364 3.515L12 9.879 5.636 3.515c-.566-.566-1.556-.566-2.121 0-.566.565-.566 1.555 0 2.121L9.879 12l-6.364 6.364c-.566.566-.566 1.556 0 2.121.565.566 1.555.566 2.121 0L12 14.121l6.364 6.364c.566.566 1.556.566 2.121 0 .566-.565.566-1.555 0-2.121L14.121 12l6.364-6.364c.566-.566.566-1.556 0-2.121-.565-.566-1.555-.566-2.121 0z"
    fill="#BBB"
    fill-rule="nonzero"
    pid="0"
  />
</svg>
`;
